ok   d01-feed-title-1440x900-before.png
ok   d01-feed-title-1440x900-after.png
ok   d01-feed-title-390x844-before.png
ok   d01-feed-title-390x844-after.png
ok   d02-d15-stm-panel-1440x900-before.png
ok   d02-d15-stm-panel-1440x900-after.png
ok   d02-d15-stm-panel-390x844-before.png
ok   d02-d15-stm-panel-390x844-after.png
ok   d03-d26-d27-goals-1440x900-before.png
ok   d03-d26-d27-goals-1440x900-after.png
ok   d03-d26-d27-goals-390x844-before.png
ok   d03-d26-d27-goals-390x844-after.png
ok   d04-quote-band-1440x900-before.png
ok   d04-quote-band-1440x900-after.png
ok   d04-quote-band-390x844-before.png
ok   d04-quote-band-390x844-after.png
ok   d05-shot-on-the-job-1440x900-before.png
ok   d05-shot-on-the-job-1440x900-after.png
ok   d05-shot-on-the-job-390x844-before.png
ok   d05-shot-on-the-job-390x844-after.png
ok   d07-anchor-reveal-1440x900-before.png
ok   d07-anchor-reveal-1440x900-after.png
ok   d07-anchor-reveal-390x844-before.png
ok   d07-anchor-reveal-390x844-after.png
ok   d08-d25-footer-1440x900-before.png
ok   d08-d25-footer-1440x900-after.png
ok   d08-d25-footer-390x844-before.png
ok   d08-d25-footer-390x844-after.png
ok   d09-d11-gear-chrome-1440x900-before.png
ok   d09-d11-gear-chrome-1440x900-after.png
ok   d09-d11-gear-chrome-390x844-before.png
ok   d09-d11-gear-chrome-390x844-after.png
ok   d10-hero-glitch-1440x900-before.png
ok   d10-hero-glitch-1440x900-after.png
ok   d11-d19-ccc-panel-1440x900-before.png
ok   d11-d19-ccc-panel-1440x900-after.png
ok   d11-d19-ccc-panel-390x844-before.png
ok   d11-d19-ccc-panel-390x844-after.png
ok   d12-d13-search-badges-1440x900-before.png
ok   d12-d13-search-badges-1440x900-after.png
ok   d14-em-dash-1440x900-before.png
ok   d14-em-dash-1440x900-after.png
ok   d14-em-dash-390x844-before.png
ok   d14-em-dash-390x844-after.png
ok   d16-wordmark-nav-1440x900-before.png
ok   d16-wordmark-nav-1440x900-after.png
ok   d16-wordmark-nav-390x844-before.png
ok   d16-wordmark-nav-390x844-after.png
ok   d17-d18-d20-d21-accordion-1440x900-before.png
ok   d17-d18-d20-d21-accordion-1440x900-after.png
ok   d17-d18-d20-d21-accordion-390x844-before.png
ok   d17-d18-d20-d21-accordion-390x844-after.png
ok   d22-d24-brand-view-1440x900-before.png
ok   d22-d24-brand-view-1440x900-after.png
ok   d23-back-to-top-1440x900-before.png
ok   d23-back-to-top-1440x900-after.png
ok   d28-d32-nav-dropdown-1440x900-before.png
ok   d28-d32-nav-dropdown-1440x900-after.png
ok   d29-hero-slide-2-1440x900-before-light.png
ok   d29-hero-slide-2-1440x900-before-dark.png
ok   d29-hero-slide-2-1440x900-after.png
ok   d29-hero-slide-2-390x844-before-light.png
ok   d29-hero-slide-2-390x844-before-dark.png
ok   d29-hero-slide-2-390x844-after.png
ok   d30-theme-toggle-1440x900-before.png
ok   d30-theme-toggle-1440x900-after.png
ok   d34-d35-services-newsletter-1440x900-before.png
ok   d34-d35-services-newsletter-1440x900-after.png
ok   d34-d35-services-newsletter-390x844-before.png
ok   d34-d35-services-newsletter-390x844-after.png
ok   p2-work-1440x900-after.png
ok   p2-latest-1440x900-after.png
ok   p2-goals-1440x900-after.png
ok   p2-services-1440x900-after.png
ok   p2-now-1440x900-after.png
ok   p2-gear-1440x900-after.png
ok   p2-404-1440x900-after.png
ok   p2-about-1440x900-after.png
ok   p2-homepage-fullpage-1440x900-before.png
ok   p2-homepage-fullpage-1440x900-after.png
ok   p2-work-390x844-after.png
ok   p2-latest-390x844-after.png
ok   p2-goals-390x844-after.png
ok   p2-services-390x844-after.png
ok   p2-now-390x844-after.png
ok   p2-gear-390x844-after.png
ok   p2-404-390x844-after.png
ok   p2-about-390x844-after.png
ok   p2-homepage-fullpage-390x844-before.png
ok   p2-homepage-fullpage-390x844-after.png
